
node.exe : 
At line:1 char:1
+ & "C:\Program 
Files\nodejs/node.exe" "C:\U
sers\uvher\AppData\Roaming\ 
...
+ ~~~~~~~~~~~~~~~~~~~~~~~~~~
~~~~~~~~~~~~~~~~~~~~~~~~~~~~
~~~~~~~~~~~~~~~
    + CategoryInfo          
    : NotSpecified: (:Stri  
  ng) [], RemoteException
    + FullyQualifiedErrorId 
    : NativeCommandError
 
DevTools listening on ws://1
27.0.0.1:52885/devtools/brow
ser/07283e7a-ac9c-45ba-9749-
c03492dcc595
Can't run because no spec files were found.

We searched for specs matching this glob pattern:

  > E:\Project\qa\ITFac-Batch21-Group36\tests\cypress\e2e\214104R\api\sales\sales.feature
